watching 0x751a2b86… poll=20s  budget=+1.0c  fraction=0.15  (paper only)
00:10:21 fill lag=3530.0s BUY  Hurricanes nhl-car-las-2026-06-09                       @ 99.9c x    5769 -> avail@+1c= copyable=0
04:20:56 fill lag=  37.1s BUY  Down btc-updown-5m-1781079300                     @ 99.0c x     235 -> avail@+1c=0.0 copyable=0
04:20:56 fill lag=  35.1s BUY  Down btc-updown-5m-1781079300                     @ 99.0c x     500 -> avail@+1c=0.0 copyable=0
04:20:56 fill lag=  32.1s BUY  Down btc-updown-5m-1781079300                     @ 99.0c x      66 -> avail@+1c=0.0 copyable=0
04:20:56 fill lag=  29.1s BUY  Down btc-updown-5m-1781079300                     @ 99.0c x     145 -> avail@+1c=0.0 copyable=0
04:20:57 fill lag=  19.1s BUY  Down btc-updown-5m-1781079300                     @ 99.0c x      60 -> avail@+1c=0.0 copyable=0
04:20:57 fill lag=  17.1s BUY  Down btc-updown-5m-1781079300                     @ 99.0c x     724 -> avail@+1c=0.0 copyable=0
04:20:57 fill lag=  17.1s BUY  Down btc-updown-5m-1781079300                     @ 99.0c x     250 -> avail@+1c=0.0 copyable=0
04:20:57 fill lag=  16.1s BUY  Down btc-updown-5m-1781079300                     @ 99.0c x     375 -> avail@+1c=0.0 copyable=0
04:20:57 fill lag=  16.1s BUY  Down btc-updown-5m-1781079300                     @ 99.0c x     187 -> avail@+1c=0.0 copyable=0
04:20:57 fill lag=  16.1s BUY  Down btc-updown-5m-1781079300                     @ 99.0c x     250 -> avail@+1c=0.0 copyable=0
04:20:58 fill lag=  16.1s BUY  Down btc-updown-5m-1781079300                     @ 99.0c x     110 -> avail@+1c=0.0 copyable=0
04:20:58 fill lag=  16.1s BUY  Down btc-updown-5m-1781079300                     @ 99.0c x     289 -> avail@+1c=0.0 copyable=0
04:20:58 fill lag=  16.1s BUY  Down btc-updown-5m-1781079300                     @ 99.0c x     187 -> avail@+1c=0.0 copyable=0
04:20:58 fill lag=  16.1s BUY  Down btc-updown-5m-1781079300                     @ 99.0c x     550 -> avail@+1c=0.0 copyable=0
04:46:00 fill lag=  15.9s SELL No  will-xrp-reach-1pt4-in-june-2026             @ 90.0c x     946 -> avail@+1c= copyable=0
04:47:25 fill lag=  19.6s BUY  No  will-solana-dip-to-50-in-june-2026           @ 80.1c x     999 -> avail@+1c=0 copyable=0
04:58:59 fill lag=  13.8s BUY  No  will-solana-dip-to-50-in-june-2026           @ 80.3c x     999 -> avail@+1c=0 copyable=0
07:32:12 fill lag=  23.3s BUY  No  will-solana-dip-to-45-on-june-10             @ 98.5c x     122 -> avail@+1c=0 copyable=0
07:37:51 fill lag=  24.7s BUY  No  will-bitcoin-dip-to-58k-on-june-10           @ 74.0c x     600 -> avail@+1c=2645.2 copyable=1
07:38:56 fill lag=  25.8s BUY  No  will-bitcoin-dip-to-58k-on-june-10           @ 73.0c x     600 -> avail@+1c=2606.5 copyable=1
07:40:40 fill lag=  13.7s BUY  No  will-bitcoin-dip-to-58k-on-june-10           @ 77.0c x     600 -> avail@+1c=0 copyable=0
07:55:11 fill lag=  17.2s SELL No  will-bitcoin-reach-77pt5k-in-june-2026       @ 97.2c x      57 -> avail@+1c= copyable=0
08:06:29 fill lag=  10.8s SELL No  will-bitcoin-reach-77pt5k-in-june-2026       @ 97.2c x     330 -> avail@+1c= copyable=0
08:13:29 fill lag=  43.3s BUY  No  will-bitcoin-dip-to-58k-on-june-10           @ 79.0c x     600 -> avail@+1c=5368.8 copyable=1
08:30:39 fill lag=  15.3s BUY  No  will-bitcoin-dip-to-58k-on-june-10           @ 80.0c x     600 -> avail@+1c=0 copyable=0
08:31:01 fill lag=   4.0s BUY  No  will-bitcoin-dip-to-58k-on-june-10           @ 83.0c x     180 -> avail@+1c=17.9 copyable=1
08:31:01 fill lag=   4.0s BUY  No  will-bitcoin-dip-to-58k-on-june-10           @ 83.0c x     180 -> avail@+1c=17.9 copyable=1
08:31:01 fill lag=   4.0s BUY  No  will-bitcoin-dip-to-58k-on-june-10           @ 83.0c x     180 -> avail@+1c=17.9 copyable=1
09:35:13 fill lag=  22.4s BUY  No  will-solana-dip-to-45-on-june-10             @ 98.5c x     600 -> avail@+1c=0 copyable=0
09:47:10 fill lag=  30.0s BUY  No  will-solana-dip-to-50-in-june-2026           @ 83.0c x     100 -> avail@+1c=0 copyable=0
09:50:41 fill lag=  25.1s BUY  Up  btc-updown-5m-1781099100                     @ 99.0c x    4369 -> avail@+1c=0.0 copyable=0
09:50:41 fill lag=  25.1s BUY  Up  btc-updown-5m-1781099100                     @ 99.0c x    5482 -> avail@+1c=0.0 copyable=0
09:50:41 fill lag=  25.1s BUY  Up  btc-updown-5m-1781099100                     @ 99.0c x    5127 -> avail@+1c=0.0 copyable=0
09:51:24 fill lag=   9.6s SELL No  will-solana-dip-to-50-in-june-2026           @ 86.1c x    1998 -> avail@+1c= copyable=0
09:55:16 fill lag=  15.0s BUY  No  will-bitcoin-reach-75k-in-june-2026          @ 93.0c x     999 -> avail@+1c=878.0 copyable=1
10:10:46 fill lag=  12.2s BUY  Up  btc-updown-5m-1781100300                     @ 99.0c x    2081 -> avail@+1c=0.0 copyable=0
10:10:46 fill lag=  10.2s BUY  Up  btc-updown-5m-1781100300                     @ 99.0c x     110 -> avail@+1c=0.0 copyable=0
10:25:15 fill lag=  23.2s BUY  No  will-bitcoin-dip-to-50k-in-june-2026-212     @ 87.8c x     820 -> avail@+1c=2922.3 copyable=1
11:21:56 fill lag=1280.5s BUY  Down solana-up-or-down-june-10-2026-10am-et       @ 99.0c x     112 -> avail@+1c= copyable=0
11:21:56 fill lag= 638.5s BUY  Down ethereum-up-or-down-june-10-2026-10am-et     @ 99.9c x      96 -> avail@+1c= copyable=0
11:39:44 fill lag= 911.0s SELL No  will-bitcoin-dip-to-58k-on-june-10           @ 98.0c x    1000 -> avail@+1c= copyable=0
12:44:50 fill lag=1105.1s SELL No  will-bitcoin-dip-to-58k-on-june-10           @ 99.0c x    1000 -> avail@+1c= copyable=0
12:44:50 fill lag= 814.1s BUY  No  will-bitcoin-dip-to-50k-in-june-2026-212     @ 87.5c x     800 -> avail@+1c=0 copyable=0
12:44:50 fill lag= 571.1s BUY  No  will-bitcoin-dip-to-50k-in-june-2026-212     @ 88.1c x     822 -> avail@+1c=3215.0 copyable=1
15:25:27 fill lag=  24.3s BUY  Up  eth-updown-5m-1781119200                     @ 99.0c x     697 -> avail@+1c=0.0 copyable=0
16:17:05 fill lag=   7.1s BUY  New York Yankees mlb-nyy-cle-2026-06-10                       @ 99.9c x    1120 -> avail@+1c=0.0 copyable=0
16:17:05 fill lag=   7.1s BUY  New York Yankees mlb-nyy-cle-2026-06-10                       @ 99.9c x   20722 -> avail@+1c=0.0 copyable=0
16:17:27 fill lag=  29.0s BUY  New York Yankees mlb-nyy-cle-2026-06-10                       @ 99.9c x    2740 -> avail@+1c=0.0 copyable=0
16:17:27 fill lag=  27.0s BUY  New York Yankees mlb-nyy-cle-2026-06-10                       @ 99.9c x   42000 -> avail@+1c=0.0 copyable=0
16:17:27 fill lag=  27.0s BUY  New York Yankees mlb-nyy-cle-2026-06-10                       @ 99.9c x    2740 -> avail@+1c=0.0 copyable=0
16:17:27 fill lag=  14.0s BUY  New York Yankees mlb-nyy-cle-2026-06-10                       @ 99.9c x    3960 -> avail@+1c=0.0 copyable=0
16:17:27 fill lag=  14.0s BUY  New York Yankees mlb-nyy-cle-2026-06-10                       @ 99.9c x    3960 -> avail@+1c=0.0 copyable=0
16:45:49 fill lag=  18.6s SELL No  will-bitcoin-dip-to-58k-on-june-10           @ 99.4c x     200 -> avail@+1c= copyable=0
18:18:03 fill lag=  14.1s SELL No  will-solana-dip-to-45-on-june-10             @ 99.9c x     129 -> avail@+1c= copyable=0
18:18:24 fill lag=   8.5s SELL No  will-solana-dip-to-45-on-june-10             @ 99.9c x     226 -> avail@+1c= copyable=0
18:19:47 fill lag=  35.9s SELL No  will-solana-dip-to-45-on-june-10             @ 99.9c x     368 -> avail@+1c= copyable=0
19:47:48 fill lag=  27.0s SELL No  will-bitcoin-dip-to-58k-on-june-10           @ 99.4c x    1426 -> avail@+1c= copyable=0
20:32:47 fill lag=  37.2s BUY  Over mlb-stl-nym-2026-06-10-total-8pt5            @ 99.0c x      76 -> avail@+1c=0.0 copyable=0
20:50:20 fill lag=  49.8s BUY  Over mlb-sea-bal-2026-06-10-total-8pt5            @ 99.0c x     300 -> avail@+1c=0.0 copyable=0
20:54:46 fill lag=  46.6s BUY  Over mlb-lad-pit-2026-06-10-total-8pt5            @ 99.0c x     117 -> avail@+1c=0.0 copyable=0
21:00:31 fill lag=  28.3s BUY  Up  xrp-updown-5m-1781139300                     @ 99.0c x    1502 -> avail@+1c=0.0 copyable=0
21:02:12 fill lag=  15.2s BUY  Over mlb-lad-pit-2026-06-10-total-8pt5            @ 99.0c x     131 -> avail@+1c=0.0 copyable=0
22:27:55 fill lag=  49.7s SELL No  will-bitcoin-reach-75k-in-june-2026          @ 95.0c x     657 -> avail@+1c= copyable=0
22:29:19 fill lag=  27.9s SELL No  will-solana-reach-100-in-june-2026           @ 98.6c x     201 -> avail@+1c= copyable=0
22:43:13 fill lag=  34.0s SELL No  will-bitcoin-reach-75k-in-june-2026          @ 95.0c x     211 -> avail@+1c= copyable=0
22:44:14 fill lag=  31.6s SELL No  will-bitcoin-reach-75k-in-june-2026          @ 95.0c x     100 -> avail@+1c= copyable=0
22:47:16 fill lag=  21.6s SELL No  will-bitcoin-reach-75k-in-june-2026          @ 95.0c x      60 -> avail@+1c= copyable=0
22:48:17 fill lag=  23.3s SELL No  will-bitcoin-reach-75k-in-june-2026          @ 95.0c x      55 -> avail@+1c= copyable=0
23:31:53 fill lag=  25.9s SELL No  will-bitcoin-reach-75k-in-june-2026          @ 95.0c x     500 -> avail@+1c= copyable=0
23:35:58 fill lag=  21.2s BUY  Texas Rangers mlb-tex-kc-2026-06-10                        @ 99.9c x   19050 -> avail@+1c=0.0 copyable=0
23:35:58 fill lag=  21.2s BUY  Texas Rangers mlb-tex-kc-2026-06-10                        @ 99.9c x    1000 -> avail@+1c=0.0 copyable=0
23:36:00 fill lag=  21.2s BUY  Texas Rangers mlb-tex-kc-2026-06-10                        @ 99.9c x    2110 -> avail@+1c=0.0 copyable=0
23:36:00 fill lag=  21.2s BUY  Texas Rangers mlb-tex-kc-2026-06-10                        @ 99.9c x     242 -> avail@+1c=0.0 copyable=0
23:36:00 fill lag=  21.2s BUY  Texas Rangers mlb-tex-kc-2026-06-10                        @ 99.9c x    7070 -> avail@+1c=0.0 copyable=0
23:36:00 fill lag=  21.2s BUY  Texas Rangers mlb-tex-kc-2026-06-10                        @ 99.9c x    2230 -> avail@+1c=0.0 copyable=0
23:36:01 fill lag=  21.2s BUY  Texas Rangers mlb-tex-kc-2026-06-10                        @ 99.9c x    1040 -> avail@+1c=0.0 copyable=0
23:36:01 fill lag=  21.2s BUY  Texas Rangers mlb-tex-kc-2026-06-10                        @ 99.9c x    7180 -> avail@+1c=0.0 copyable=0
23:36:01 fill lag=  21.2s BUY  Texas Rangers mlb-tex-kc-2026-06-10                        @ 99.9c x   22492 -> avail@+1c=0.0 copyable=0
23:36:01 fill lag=  21.2s BUY  Texas Rangers mlb-tex-kc-2026-06-10                        @ 99.9c x   11230 -> avail@+1c=0.0 copyable=0
23:36:02 fill lag=  21.2s BUY  Texas Rangers mlb-tex-kc-2026-06-10                        @ 99.9c x    4370 -> avail@+1c=0.0 copyable=0
23:36:02 fill lag=  21.2s BUY  Texas Rangers mlb-tex-kc-2026-06-10                        @ 99.9c x    3960 -> avail@+1c=0.0 copyable=0
23:36:02 fill lag=  21.2s BUY  Texas Rangers mlb-tex-kc-2026-06-10                        @ 99.9c x    1280 -> avail@+1c=0.0 copyable=0
23:36:02 fill lag=  21.2s BUY  Texas Rangers mlb-tex-kc-2026-06-10                        @ 99.9c x   23290 -> avail@+1c=0.0 copyable=0
23:36:02 fill lag=  21.2s BUY  Texas Rangers mlb-tex-kc-2026-06-10                        @ 99.9c x    5200 -> avail@+1c=0.0 copyable=0
23:36:02 fill lag=  21.2s BUY  Texas Rangers mlb-tex-kc-2026-06-10                        @ 99.9c x    2968 -> avail@+1c=0.0 copyable=0
23:36:03 fill lag=  21.2s BUY  Texas Rangers mlb-tex-kc-2026-06-10                        @ 99.9c x    1000 -> avail@+1c=0.0 copyable=0
23:36:03 fill lag=  21.2s BUY  Texas Rangers mlb-tex-kc-2026-06-10                        @ 99.9c x   13300 -> avail@+1c=0.0 copyable=0
23:36:03 fill lag=  21.2s BUY  Texas Rangers mlb-tex-kc-2026-06-10                        @ 99.9c x    1220 -> avail@+1c=0.0 copyable=0
23:36:03 fill lag=  21.2s BUY  Texas Rangers mlb-tex-kc-2026-06-10                        @ 99.9c x    3480 -> avail@+1c=0.0 copyable=0
23:36:03 fill lag=  21.2s BUY  Texas Rangers mlb-tex-kc-2026-06-10                        @ 99.9c x    8320 -> avail@+1c=0.0 copyable=0
23:36:24 fill lag=  46.9s BUY  Texas Rangers mlb-tex-kc-2026-06-10                        @ 99.9c x    1422 -> avail@+1c=0.0 copyable=0
23:47:13 fill lag=  39.0s BUY  Knicks nba-sas-nyk-2026-06-10                       @ 99.9c x  219627 -> avail@+1c=0.0 copyable=0
23:47:13 fill lag=  37.0s BUY  Knicks nba-sas-nyk-2026-06-10                       @ 99.9c x     400 -> avail@+1c=0.0 copyable=0
23:47:13 fill lag=  37.0s BUY  Knicks nba-sas-nyk-2026-06-10                       @ 99.9c x      64 -> avail@+1c=0.0 copyable=0
23:47:13 fill lag=  33.0s BUY  Knicks nba-sas-nyk-2026-06-10                       @ 99.9c x      62 -> avail@+1c=0.0 copyable=0
23:47:13 fill lag=  31.0s BUY  Knicks nba-sas-nyk-2026-06-10                       @ 99.9c x     882 -> avail@+1c=0.0 copyable=0
23:47:14 fill lag=  28.0s BUY  Knicks nba-sas-nyk-2026-06-10                       @ 99.9c x     167 -> avail@+1c=0.0 copyable=0
23:47:14 fill lag=  25.0s BUY  Knicks nba-sas-nyk-2026-06-10                       @ 99.9c x      56 -> avail@+1c=0.0 copyable=0
23:47:14 fill lag=  22.0s BUY  Knicks nba-sas-nyk-2026-06-10                       @ 99.9c x     189 -> avail@+1c=0.0 copyable=0
23:47:14 fill lag=  21.0s BUY  Knicks nba-sas-nyk-2026-06-10                       @ 99.9c x    1852 -> avail@+1c=0.0 copyable=0
23:47:14 fill lag=  15.0s BUY  Knicks nba-sas-nyk-2026-06-10                       @ 99.9c x     265 -> avail@+1c=0.0 copyable=0
23:47:36 fill lag=  36.0s BUY  Knicks nba-sas-nyk-2026-06-10                       @ 99.9c x    5360 -> avail@+1c=0.0 copyable=0
23:47:36 fill lag=  35.0s BUY  Knicks nba-sas-nyk-2026-06-10                       @ 99.9c x     100 -> avail@+1c=0.0 copyable=0
23:47:36 fill lag=  32.0s BUY  Knicks nba-sas-nyk-2026-06-10                       @ 99.9c x   36000 -> avail@+1c=0.0 copyable=0
23:47:36 fill lag=  32.0s BUY  Knicks nba-sas-nyk-2026-06-10                       @ 99.9c x    1429 -> avail@+1c=0.0 copyable=0
23:47:36 fill lag=  27.0s BUY  Knicks nba-sas-nyk-2026-06-10                       @ 99.9c x     233 -> avail@+1c=0.0 copyable=0
23:47:37 fill lag=  26.0s BUY  Knicks nba-sas-nyk-2026-06-10                       @ 99.9c x    5000 -> avail@+1c=0.0 copyable=0
23:47:37 fill lag=  26.0s BUY  Knicks nba-sas-nyk-2026-06-10                       @ 99.9c x     322 -> avail@+1c=0.0 copyable=0
23:47:37 fill lag=  24.0s BUY  Knicks nba-sas-nyk-2026-06-10                       @ 99.9c x   36000 -> avail@+1c=0.0 copyable=0
23:47:37 fill lag=  20.0s BUY  Knicks nba-sas-nyk-2026-06-10                       @ 99.9c x     192 -> avail@+1c=0.0 copyable=0
23:47:38 fill lag=  17.0s BUY  Knicks nba-sas-nyk-2026-06-10                       @ 99.9c x   36000 -> avail@+1c=0.0 copyable=0
23:47:38 fill lag=  12.0s BUY  Knicks nba-sas-nyk-2026-06-10                       @ 99.9c x   26721 -> avail@+1c=0.0 copyable=0
23:47:38 fill lag=   9.0s BUY  Knicks nba-sas-nyk-2026-06-10                       @ 99.9c x      83 -> avail@+1c=0.0 copyable=0
23:47:38 fill lag=   9.0s BUY  Knicks nba-sas-nyk-2026-06-10                       @ 99.9c x     619 -> avail@+1c=0.0 copyable=0
23:47:38 fill lag=   8.0s BUY  Knicks nba-sas-nyk-2026-06-10                       @ 99.9c x   36000 -> avail@+1c=0.0 copyable=0
23:47:38 fill lag=   5.0s BUY  Knicks nba-sas-nyk-2026-06-10                       @ 99.9c x     833 -> avail@+1c=0.0 copyable=0
23:48:19 fill lag=  46.5s BUY  Knicks nba-sas-nyk-2026-06-10                       @ 99.9c x      93 -> avail@+1c=0.0 copyable=0
23:48:20 fill lag=  45.5s BUY  Knicks nba-sas-nyk-2026-06-10                       @ 99.9c x   36000 -> avail@+1c=0.0 copyable=0
23:48:20 fill lag=  42.5s BUY  Knicks nba-sas-nyk-2026-06-10                       @ 99.9c x     321 -> avail@+1c=0.0 copyable=0
23:48:21 fill lag=  40.5s BUY  Knicks nba-sas-nyk-2026-06-10                       @ 99.9c x      62 -> avail@+1c=0.0 copyable=0
23:48:21 fill lag=  37.5s BUY  Knicks nba-sas-nyk-2026-06-10                       @ 99.9c x     374 -> avail@+1c=0.0 copyable=0
23:48:21 fill lag=  36.5s BUY  Knicks nba-sas-nyk-2026-06-10                       @ 99.9c x    4819 -> avail@+1c=0.0 copyable=0
23:48:21 fill lag=  34.5s BUY  Knicks nba-sas-nyk-2026-06-10                       @ 99.9c x    9259 -> avail@+1c=0.0 copyable=0
23:48:23 fill lag=  30.5s BUY  Knicks nba-sas-nyk-2026-06-10                       @ 99.9c x     200 -> avail@+1c=0.0 copyable=0
23:48:24 fill lag=  28.5s BUY  Knicks nba-sas-nyk-2026-06-10                       @ 99.9c x   36000 -> avail@+1c=0.0 copyable=0
23:48:25 fill lag=  27.5s BUY  Knicks nba-sas-nyk-2026-06-10                       @ 99.9c x      60 -> avail@+1c=0.0 copyable=0
23:48:45 fill lag=  39.7s BUY  Knicks nba-sas-nyk-2026-06-10                       @ 99.9c x   31817 -> avail@+1c=0.0 copyable=0
23:48:45 fill lag=  35.7s BUY  Knicks nba-sas-nyk-2026-06-10                       @ 99.9c x   54964 -> avail@+1c=0.0 copyable=0
23:48:46 fill lag=  35.7s BUY  Knicks nba-sas-nyk-2026-06-10                       @ 99.9c x    9555 -> avail@+1c=0.0 copyable=0
23:48:46 fill lag=  32.7s BUY  Knicks nba-sas-nyk-2026-06-10                       @ 99.9c x   36034 -> avail@+1c=0.0 copyable=0
23:48:46 fill lag=  24.7s BUY  Knicks nba-sas-nyk-2026-06-10                       @ 99.9c x   21066 -> avail@+1c=0.0 copyable=0
23:48:46 fill lag=  23.7s BUY  Knicks nba-sas-nyk-2026-06-10                       @ 99.9c x    1383 -> avail@+1c=0.0 copyable=0
23:48:46 fill lag=  23.7s BUY  Knicks nba-sas-nyk-2026-06-10                       @ 99.9c x     192 -> avail@+1c=0.0 copyable=0
23:48:46 fill lag=  23.7s BUY  Knicks nba-sas-nyk-2026-06-10                       @ 99.9c x     134 -> avail@+1c=0.0 copyable=0
23:48:47 fill lag=  20.7s BUY  Knicks nba-sas-nyk-2026-06-10                       @ 99.9c x     482 -> avail@+1c=0.0 copyable=0
23:48:47 fill lag=  11.7s BUY  Knicks nba-sas-nyk-2026-06-10                       @ 99.9c x     105 -> avail@+1c=0.0 copyable=0
23:48:47 fill lag=   6.7s BUY  Knicks nba-sas-nyk-2026-06-10                       @ 99.9c x     130 -> avail@+1c=0.0 copyable=0
23:49:27 fill lag=  44.8s BUY  Knicks nba-sas-nyk-2026-06-10                       @ 99.9c x     142 -> avail@+1c=0.0 copyable=0
23:49:28 fill lag=  42.8s BUY  Knicks nba-sas-nyk-2026-06-10                       @ 99.9c x     766 -> avail@+1c=0.0 copyable=0
23:49:28 fill lag=  39.8s BUY  Knicks nba-sas-nyk-2026-06-10                       @ 99.9c x     786 -> avail@+1c=0.0 copyable=0
23:49:28 fill lag=  35.8s BUY  Knicks nba-sas-nyk-2026-06-10                       @ 99.9c x    1667 -> avail@+1c=0.0 copyable=0
23:49:29 fill lag=  30.8s BUY  Knicks nba-sas-nyk-2026-06-10                       @ 99.9c x      91 -> avail@+1c=0.0 copyable=0
23:49:29 fill lag=  21.8s BUY  Knicks nba-sas-nyk-2026-06-10                       @ 99.9c x     251 -> avail@+1c=0.0 copyable=0
23:49:29 fill lag=  15.8s BUY  Knicks nba-sas-nyk-2026-06-10                       @ 99.9c x      86 -> avail@+1c=0.0 copyable=0
23:49:50 fill lag=  37.6s BUY  Knicks nba-sas-nyk-2026-06-10                       @ 99.9c x     412 -> avail@+1c=0.0 copyable=0
23:49:50 fill lag=  35.6s BUY  Knicks nba-sas-nyk-2026-06-10                       @ 99.9c x      52 -> avail@+1c=0.0 copyable=0
23:49:51 fill lag=  34.6s BUY  Knicks nba-sas-nyk-2026-06-10                       @ 99.9c x     180 -> avail@+1c=0.0 copyable=0
23:49:51 fill lag=  26.6s BUY  Knicks nba-sas-nyk-2026-06-10                       @ 99.9c x      58 -> avail@+1c=0.0 copyable=0
23:49:51 fill lag=  22.6s BUY  Knicks nba-sas-nyk-2026-06-10                       @ 99.9c x      93 -> avail@+1c=0.0 copyable=0
23:49:51 fill lag=  20.6s BUY  Knicks nba-sas-nyk-2026-06-10                       @ 99.9c x     326 -> avail@+1c=0.0 copyable=0
23:49:51 fill lag=  13.6s BUY  Knicks nba-sas-nyk-2026-06-10                       @ 99.9c x     496 -> avail@+1c=0.0 copyable=0
23:49:51 fill lag=   8.6s BUY  Knicks nba-sas-nyk-2026-06-10                       @ 99.9c x     185 -> avail@+1c=0.0 copyable=0
23:50:12 fill lag=  24.1s BUY  Knicks nba-sas-nyk-2026-06-10                       @ 99.9c x     165 -> avail@+1c=0.0 copyable=0
23:50:12 fill lag=  23.1s BUY  Knicks nba-sas-nyk-2026-06-10                       @ 99.9c x     300 -> avail@+1c=0.0 copyable=0
23:50:12 fill lag=  23.1s BUY  Knicks nba-sas-nyk-2026-06-10                       @ 99.9c x      56 -> avail@+1c=0.0 copyable=0
23:50:32 fill lag=  25.8s BUY  Knicks nba-sas-nyk-2026-06-10                       @ 99.9c x     260 -> avail@+1c=0.0 copyable=0
23:50:33 fill lag=  23.8s BUY  Knicks nba-sas-nyk-2026-06-10                       @ 99.9c x     111 -> avail@+1c=0.0 copyable=0
23:50:33 fill lag=  22.8s BUY  Knicks nba-sas-nyk-2026-06-10                       @ 99.9c x      71 -> avail@+1c=0.0 copyable=0
23:50:33 fill lag=  19.8s BUY  Knicks nba-sas-nyk-2026-06-10                       @ 99.9c x    1527 -> avail@+1c=0.0 copyable=0
23:50:56 fill lag=  38.1s BUY  Knicks nba-sas-nyk-2026-06-10                       @ 99.9c x     153 -> avail@+1c=0.0 copyable=0
23:50:56 fill lag=  23.1s BUY  Knicks nba-sas-nyk-2026-06-10                       @ 99.9c x      86 -> avail@+1c=0.0 copyable=0
23:51:37 fill lag=  37.4s BUY  Knicks nba-sas-nyk-2026-06-10                       @ 99.9c x      60 -> avail@+1c=0.0 copyable=0
23:51:37 fill lag=  27.4s BUY  Knicks nba-sas-nyk-2026-06-10                       @ 99.9c x   67848 -> avail@+1c=0.0 copyable=0
00:15:21 fill lag=  18.5s BUY  Down eth-updown-5m-1781151000                     @ 98.7c x     345 -> avail@+1c=0.0 copyable=0
05:52:40 fill lag=1359.4s BUY  Up  xrp-updown-5m-1781169900                     @ 99.0c x     100 -> avail@+1c= copyable=0
05:52:40 fill lag=1359.4s BUY  Up  xrp-updown-5m-1781169900                     @ 99.0c x     500 -> avail@+1c= copyable=0
05:52:40 fill lag= 987.4s BUY  Yes will-bitcoin-reach-63k-on-june-11            @ 99.0c x    4147 -> avail@+1c=0.0 copyable=0
05:52:40 fill lag= 457.4s BUY  Up  eth-updown-5m-1781170800                     @ 99.0c x    1000 -> avail@+1c= copyable=0
05:52:41 fill lag= 457.4s BUY  Up  eth-updown-5m-1781170800                     @ 98.3c x     874 -> avail@+1c= copyable=0
07:35:31 fill lag=2313.5s BUY  No  will-bitcoin-reach-75k-in-june-2026          @ 92.0c x     125 -> avail@+1c=878.3 copyable=1
07:35:31 fill lag=2128.5s BUY  Down ethereum-up-or-down-june-11-2026-6am-et      @ 98.7c x    2941 -> avail@+1c= copyable=0
07:35:31 fill lag=2128.5s BUY  Down ethereum-up-or-down-june-11-2026-6am-et      @ 98.0c x     600 -> avail@+1c= copyable=0
07:35:32 fill lag=2023.5s BUY  No  will-bitcoin-reach-75k-in-june-2026          @ 92.0c x      84 -> avail@+1c=878.3 copyable=1
07:36:12 fill lag=  21.3s BUY  No  will-bitcoin-reach-75k-in-june-2026          @ 92.0c x     500 -> avail@+1c=887.2 copyable=1
10:06:12 fill lag=2168.4s BUY  Down btc-updown-5m-1781184300                     @ 99.0c x     398 -> avail@+1c= copyable=0
10:26:10 fill lag= 757.4s SELL No  will-bitcoin-reach-75k-in-june-2026          @ 95.0c x     417 -> avail@+1c= copyable=0
10:26:10 fill lag= 360.4s BUY  Up  btc-updown-5m-1781187300                     @ 99.0c x     870 -> avail@+1c= copyable=0
10:26:10 fill lag= 358.4s BUY  Up  btc-updown-5m-1781187300                     @ 99.0c x     300 -> avail@+1c= copyable=0
10:26:10 fill lag= 358.4s BUY  Up  btc-updown-5m-1781187300                     @ 99.0c x      83 -> avail@+1c= copyable=0
10:26:10 fill lag= 358.4s BUY  Up  btc-updown-5m-1781187300                     @ 99.0c x     273 -> avail@+1c= copyable=0
10:26:10 fill lag= 355.4s BUY  Up  btc-updown-5m-1781187300                     @ 99.0c x      60 -> avail@+1c= copyable=0
10:26:10 fill lag= 348.4s BUY  Up  btc-updown-5m-1781187300                     @ 99.0c x     500 -> avail@+1c= copyable=0
10:26:10 fill lag= 348.4s BUY  Up  btc-updown-5m-1781187300                     @ 99.0c x     103 -> avail@+1c= copyable=0
10:26:10 fill lag= 345.4s BUY  Up  btc-updown-5m-1781187300                     @ 99.0c x    2024 -> avail@+1c= copyable=0
12:06:22 fill lag=  69.1s BUY  Down sol-updown-5m-1781193600                     @ 99.0c x    1502 -> avail@+1c=0.0 copyable=0
13:06:27 fill lag=  15.7s SELL No  will-bitcoin-reach-77pt5k-in-june-2026       @ 97.2c x     985 -> avail@+1c= copyable=0
13:24:15 fill lag= 198.4s SELL No  will-bitcoin-reach-77pt5k-in-june-2026       @ 97.2c x     445 -> avail@+1c= copyable=0
14:06:28 fill lag=1071.7s BUY  No  will-solana-dip-to-60-in-june-2026           @ 50.0c x     999 -> avail@+1c=0 copyable=0
14:06:28 fill lag= 788.7s BUY  No  will-bitcoin-dip-to-57pt5k-in-june-2026-623  @ 62.9c x     147 -> avail@+1c=0 copyable=0
14:06:28 fill lag= 173.7s SELL No  will-solana-dip-to-50-in-june-2026           @ 92.8c x     796 -> avail@+1c= copyable=0
14:20:43 fill lag= 640.5s SELL No  will-solana-dip-to-50-in-june-2026           @ 93.5c x     423 -> avail@+1c= copyable=0
14:35:59 fill lag= 214.6s BUY  Team Falcons cs2-fal2-g2-2026-06-11                       @ 99.9c x     366 -> avail@+1c=0.0 copyable=0
14:36:00 fill lag= 214.6s BUY  Team Falcons cs2-fal2-g2-2026-06-11                       @ 99.9c x    2175 -> avail@+1c=0.0 copyable=0
14:36:00 fill lag= 214.6s BUY  Team Falcons cs2-fal2-g2-2026-06-11                       @ 99.9c x      74 -> avail@+1c=0.0 copyable=0
14:36:00 fill lag= 210.6s BUY  Team Falcons cs2-fal2-g2-2026-06-11                       @ 99.9c x     326 -> avail@+1c=0.0 copyable=0
14:36:00 fill lag= 210.6s BUY  Team Falcons cs2-fal2-g2-2026-06-11                       @ 99.9c x      66 -> avail@+1c=0.0 copyable=0
14:36:00 fill lag= 210.6s BUY  Team Falcons cs2-fal2-g2-2026-06-11                       @ 99.9c x     206 -> avail@+1c=0.0 copyable=0
14:36:00 fill lag= 208.6s BUY  Team Falcons cs2-fal2-g2-2026-06-11                       @ 99.9c x      83 -> avail@+1c=0.0 copyable=0
14:36:01 fill lag= 208.6s BUY  Team Falcons cs2-fal2-g2-2026-06-11                       @ 99.9c x      55 -> avail@+1c=0.0 copyable=0
14:36:01 fill lag= 208.6s BUY  Team Falcons cs2-fal2-g2-2026-06-11                       @ 99.9c x      68 -> avail@+1c=0.0 copyable=0
14:36:01 fill lag= 205.6s BUY  Team Falcons cs2-fal2-g2-2026-06-11                       @ 99.9c x     100 -> avail@+1c=0.0 copyable=0
14:36:02 fill lag= 202.6s BUY  Aurora Gaming cs2-aur1-mnte-2026-06-11                     @ 99.9c x      53 -> avail@+1c=0.0 copyable=0
14:36:02 fill lag= 199.6s BUY  Team Falcons cs2-fal2-g2-2026-06-11                       @ 99.9c x     794 -> avail@+1c=0.0 copyable=0
14:36:03 fill lag= 199.6s BUY  Team Falcons cs2-fal2-g2-2026-06-11                       @ 99.9c x    1079 -> avail@+1c=0.0 copyable=0
14:36:03 fill lag= 198.6s BUY  Team Falcons cs2-fal2-g2-2026-06-11                       @ 99.9c x     140 -> avail@+1c=0.0 copyable=0
14:36:04 fill lag= 195.6s BUY  Team Falcons cs2-fal2-g2-2026-06-11                       @ 99.9c x    3190 -> avail@+1c=0.0 copyable=0
14:36:04 fill lag= 192.6s BUY  Team Falcons cs2-fal2-g2-2026-06-11                       @ 99.9c x     769 -> avail@+1c=0.0 copyable=0
14:36:04 fill lag= 192.6s BUY  Team Falcons cs2-fal2-g2-2026-06-11                       @ 99.9c x      52 -> avail@+1c=0.0 copyable=0
14:36:04 fill lag= 190.6s BUY  Team Falcons cs2-fal2-g2-2026-06-11                       @ 99.9c x     373 -> avail@+1c=0.0 copyable=0
14:36:04 fill lag= 187.6s BUY  Team Falcons cs2-fal2-g2-2026-06-11                       @ 99.9c x      85 -> avail@+1c=0.0 copyable=0
14:36:04 fill lag= 184.6s BUY  Team Falcons cs2-fal2-g2-2026-06-11                       @ 99.9c x     156 -> avail@+1c=0.0 copyable=0
14:36:05 fill lag= 184.6s BUY  Team Falcons cs2-fal2-g2-2026-06-11                       @ 99.9c x     860 -> avail@+1c=0.0 copyable=0
14:36:05 fill lag= 183.6s BUY  Team Falcons cs2-fal2-g2-2026-06-11                       @ 99.9c x     469 -> avail@+1c=0.0 copyable=0
14:36:05 fill lag= 172.6s BUY  Team Falcons cs2-fal2-g2-2026-06-11                       @ 99.9c x     125 -> avail@+1c=0.0 copyable=0
14:36:05 fill lag= 171.6s BUY  Team Falcons cs2-fal2-g2-2026-06-11                       @ 99.9c x    5000 -> avail@+1c=0.0 copyable=0
14:36:05 fill lag= 169.6s BUY  Team Falcons cs2-fal2-g2-2026-06-11                       @ 99.9c x     179 -> avail@+1c=0.0 copyable=0
14:36:05 fill lag= 169.6s BUY  Aurora Gaming cs2-aur1-mnte-2026-06-11                     @ 99.9c x     655 -> avail@+1c=0.0 copyable=0
14:36:05 fill lag= 165.6s BUY  Team Falcons cs2-fal2-g2-2026-06-11                       @ 99.9c x     323 -> avail@+1c=0.0 copyable=0
14:36:06 fill lag= 160.6s BUY  Team Falcons cs2-fal2-g2-2026-06-11                       @ 99.9c x     136 -> avail@+1c=0.0 copyable=0
14:36:06 fill lag= 159.6s BUY  Team Falcons cs2-fal2-g2-2026-06-11                       @ 99.9c x    1720 -> avail@+1c=0.0 copyable=0
14:36:06 fill lag= 153.6s BUY  Team Falcons cs2-fal2-g2-2026-06-11                       @ 99.9c x     264 -> avail@+1c=0.0 copyable=0
14:36:06 fill lag= 148.6s BUY  Team Falcons cs2-fal2-g2-2026-06-11                       @ 99.9c x      58 -> avail@+1c=0.0 copyable=0
14:36:06 fill lag= 148.6s BUY  Team Falcons cs2-fal2-g2-2026-06-11                       @ 99.9c x     200 -> avail@+1c=0.0 copyable=0
14:36:06 fill lag= 145.6s BUY  Team Falcons cs2-fal2-g2-2026-06-11                       @ 99.9c x     460 -> avail@+1c=0.0 copyable=0
14:36:07 fill lag= 138.6s BUY  Aurora Gaming cs2-aur1-mnte-2026-06-11                     @ 99.9c x    3968 -> avail@+1c=0.0 copyable=0
14:39:10 fill lag= 136.6s BUY  Team Falcons cs2-fal2-g2-2026-06-11                       @ 99.9c x      79 -> avail@+1c=0.0 copyable=0
14:39:10 fill lag= 136.6s BUY  Team Falcons cs2-fal2-g2-2026-06-11                       @ 99.9c x     100 -> avail@+1c=0.0 copyable=0
14:39:10 fill lag= 135.6s BUY  Team Falcons cs2-fal2-g2-2026-06-11                       @ 99.9c x    3992 -> avail@+1c=0.0 copyable=0
14:39:11 fill lag= 133.6s BUY  Team Falcons cs2-fal2-g2-2026-06-11                       @ 99.9c x     391 -> avail@+1c=0.0 copyable=0
14:39:11 fill lag= 126.6s BUY  Team Falcons cs2-fal2-g2-2026-06-11                       @ 99.9c x     119 -> avail@+1c=0.0 copyable=0
14:39:11 fill lag= 123.6s BUY  Aurora Gaming cs2-aur1-mnte-2026-06-11                     @ 99.9c x     179 -> avail@+1c=0.0 copyable=0
14:39:11 fill lag= 123.6s BUY  Team Falcons cs2-fal2-g2-2026-06-11                       @ 99.9c x    2049 -> avail@+1c=0.0 copyable=0
14:39:11 fill lag= 118.6s BUY  Team Falcons cs2-fal2-g2-2026-06-11                       @ 99.9c x     791 -> avail@+1c=0.0 copyable=0
14:39:11 fill lag= 115.6s BUY  Aurora Gaming cs2-aur1-mnte-2026-06-11                     @ 99.9c x     362 -> avail@+1c=0.0 copyable=0
14:39:13 fill lag= 114.6s BUY  Team Falcons cs2-fal2-g2-2026-06-11                       @ 99.9c x      57 -> avail@+1c=0.0 copyable=0
14:39:13 fill lag= 105.6s BUY  Team Falcons cs2-fal2-g2-2026-06-11                       @ 99.9c x     979 -> avail@+1c=0.0 copyable=0
14:39:13 fill lag= 100.6s BUY  Team Falcons cs2-fal2-g2-2026-06-11                       @ 99.9c x     146 -> avail@+1c=0.0 copyable=0
14:39:13 fill lag= 100.6s BUY  Team Falcons cs2-fal2-g2-2026-06-11                       @ 99.9c x     250 -> avail@+1c=0.0 copyable=0
14:39:13 fill lag=  94.6s BUY  Aurora Gaming cs2-aur1-mnte-2026-06-11                     @ 99.9c x     767 -> avail@+1c=0.0 copyable=0
14:39:13 fill lag=  90.6s BUY  Team Falcons cs2-fal2-g2-2026-06-11                       @ 99.9c x     106 -> avail@+1c=0.0 copyable=0
14:39:14 fill lag=  84.6s BUY  Team Falcons cs2-fal2-g2-2026-06-11                       @ 99.9c x      68 -> avail@+1c=0.0 copyable=0
14:39:14 fill lag=  75.6s BUY  Team Falcons cs2-fal2-g2-2026-06-11                       @ 99.9c x    1259 -> avail@+1c=0.0 copyable=0
14:39:14 fill lag=  75.6s BUY  Team Falcons cs2-fal2-g2-2026-06-11                       @ 99.9c x    4163 -> avail@+1c=0.0 copyable=0
14:39:14 fill lag=  75.6s BUY  Team Falcons cs2-fal2-g2-2026-06-11                       @ 99.9c x    1331 -> avail@+1c=0.0 copyable=0
14:39:14 fill lag=  73.6s BUY  Team Falcons cs2-fal2-g2-2026-06-11                       @ 99.9c x      66 -> avail@+1c=0.0 copyable=0
14:39:14 fill lag=  63.6s BUY  Team Falcons cs2-fal2-g2-2026-06-11                       @ 99.9c x     185 -> avail@+1c=0.0 copyable=0
14:39:15 fill lag=  61.6s BUY  Team Falcons cs2-fal2-g2-2026-06-11                       @ 99.9c x     108 -> avail@+1c=0.0 copyable=0
14:39:15 fill lag=  60.6s BUY  Team Falcons cs2-fal2-g2-2026-06-11                       @ 99.9c x     174 -> avail@+1c=0.0 copyable=0
14:39:15 fill lag=  49.6s BUY  Aurora Gaming cs2-aur1-mnte-2026-06-11                     @ 99.9c x     140 -> avail@+1c=0.0 copyable=0
14:39:15 fill lag=  45.6s BUY  Team Falcons cs2-fal2-g2-2026-06-11                       @ 99.9c x     781 -> avail@+1c=0.0 copyable=0
14:39:15 fill lag=  40.6s BUY  Team Falcons cs2-fal2-g2-2026-06-11                       @ 99.9c x     292 -> avail@+1c=0.0 copyable=0
14:39:15 fill lag=  25.6s BUY  Team Falcons cs2-fal2-g2-2026-06-11                       @ 99.9c x     823 -> avail@+1c=0.0 copyable=0
14:39:16 fill lag=  22.6s BUY  Team Falcons cs2-fal2-g2-2026-06-11                       @ 99.9c x     114 -> avail@+1c=0.0 copyable=0
14:39:16 fill lag=  19.6s BUY  Team Falcons cs2-fal2-g2-2026-06-11                       @ 99.9c x      65 -> avail@+1c=0.0 copyable=0
14:39:16 fill lag=  10.6s BUY  Team Falcons cs2-fal2-g2-2026-06-11                       @ 99.9c x     132 -> avail@+1c=0.0 copyable=0
14:39:36 fill lag= 219.6s BUY  Team Falcons cs2-fal2-g2-2026-06-11                       @ 99.9c x     268 -> avail@+1c=0.0 copyable=0
14:39:36 fill lag= 219.6s BUY  Aurora Gaming cs2-aur1-mnte-2026-06-11                     @ 99.9c x     540 -> avail@+1c=0.0 copyable=0
14:39:36 fill lag= 216.6s BUY  Team Falcons cs2-fal2-g2-2026-06-11                       @ 99.9c x   15804 -> avail@+1c=0.0 copyable=0
14:39:37 fill lag= 213.6s BUY  Team Falcons cs2-fal2-g2-2026-06-11                       @ 99.9c x     359 -> avail@+1c=0.0 copyable=0
14:39:37 fill lag= 209.6s BUY  Team Falcons cs2-fal2-g2-2026-06-11                       @ 99.9c x    4515 -> avail@+1c=0.0 copyable=0
14:39:37 fill lag= 207.6s BUY  Team Falcons cs2-fal2-g2-2026-06-11                       @ 99.9c x      95 -> avail@+1c=0.0 copyable=0
14:39:37 fill lag= 207.6s BUY  Team Falcons cs2-fal2-g2-2026-06-11                       @ 99.9c x     333 -> avail@+1c=0.0 copyable=0
14:39:37 fill lag= 206.6s BUY  Aurora Gaming cs2-aur1-mnte-2026-06-11                     @ 99.9c x    1000 -> avail@+1c=0.0 copyable=0
14:39:37 fill lag= 201.6s BUY  Team Falcons cs2-fal2-g2-2026-06-11                       @ 99.9c x   20635 -> avail@+1c=0.0 copyable=0
14:39:38 fill lag= 195.6s BUY  Team Falcons cs2-fal2-g2-2026-06-11                       @ 99.9c x     121 -> avail@+1c=0.0 copyable=0
14:39:38 fill lag= 195.6s BUY  Aurora Gaming cs2-aur1-mnte-2026-06-11                     @ 99.9c x     532 -> avail@+1c=0.0 copyable=0
14:39:38 fill lag= 194.6s BUY  Team Falcons cs2-fal2-g2-2026-06-11                       @ 99.9c x     200 -> avail@+1c=0.0 copyable=0
14:39:38 fill lag= 192.6s BUY  Team Falcons cs2-fal2-g2-2026-06-11                       @ 99.9c x     126 -> avail@+1c=0.0 copyable=0
14:39:38 fill lag= 189.6s BUY  Aurora Gaming cs2-aur1-mnte-2026-06-11                     @ 99.9c x   19844 -> avail@+1c=0.0 copyable=0
14:39:38 fill lag= 189.6s BUY  Team Falcons cs2-fal2-g2-2026-06-11                       @ 99.9c x     492 -> avail@+1c=0.0 copyable=0
14:39:39 fill lag= 189.6s BUY  Team Falcons cs2-fal2-g2-2026-06-11                       @ 99.9c x    2430 -> avail@+1c=0.0 copyable=0
14:39:39 fill lag= 186.6s BUY  Team Falcons cs2-fal2-g2-2026-06-11                       @ 99.9c x    1136 -> avail@+1c=0.0 copyable=0
14:39:39 fill lag= 173.6s BUY  Team Falcons cs2-fal2-g2-2026-06-11                       @ 99.9c x     100 -> avail@+1c=0.0 copyable=0
14:39:39 fill lag= 168.6s BUY  Team Falcons cs2-fal2-g2-2026-06-11                       @ 99.9c x    2203 -> avail@+1c=0.0 copyable=0
14:39:39 fill lag= 165.6s BUY  Aurora Gaming cs2-aur1-mnte-2026-06-11                     @ 99.9c x     172 -> avail@+1c=0.0 copyable=0
14:39:39 fill lag= 161.6s BUY  Team Falcons cs2-fal2-g2-2026-06-11                       @ 99.9c x     137 -> avail@+1c=0.0 copyable=0
14:39:39 fill lag= 156.6s BUY  Aurora Gaming cs2-aur1-mnte-2026-06-11                     @ 99.9c x    1962 -> avail@+1c=0.0 copyable=0
14:39:40 fill lag= 129.6s BUY  Aurora Gaming cs2-aur1-mnte-2026-06-11                     @ 99.9c x     180 -> avail@+1c=0.0 copyable=0
14:39:40 fill lag= 120.6s BUY  Team Falcons cs2-fal2-g2-2026-06-11                       @ 99.9c x      77 -> avail@+1c=0.0 copyable=0
14:39:40 fill lag= 114.6s BUY  Team Falcons cs2-fal2-g2-2026-06-11                       @ 99.9c x    2224 -> avail@+1c=0.0 copyable=0
14:39:40 fill lag=  99.6s BUY  Aurora Gaming cs2-aur1-mnte-2026-06-11                     @ 99.9c x      77 -> avail@+1c=0.0 copyable=0
14:39:40 fill lag=  83.6s BUY  Team Falcons cs2-fal2-g2-2026-06-11                       @ 99.9c x     280 -> avail@+1c=0.0 copyable=0
14:39:40 fill lag=  81.6s BUY  Team Falcons cs2-fal2-g2-2026-06-11                       @ 99.9c x     500 -> avail@+1c=0.0 copyable=0
14:39:41 fill lag=  75.6s BUY  Team Falcons cs2-fal2-g2-2026-06-11                       @ 99.9c x     106 -> avail@+1c=0.0 copyable=0
14:39:41 fill lag=  66.6s BUY  Team Falcons cs2-fal2-g2-2026-06-11                       @ 99.9c x      73 -> avail@+1c=0.0 copyable=0
14:39:41 fill lag=  51.6s BUY  Team Falcons cs2-fal2-g2-2026-06-11                       @ 99.9c x      51 -> avail@+1c=0.0 copyable=0
14:39:41 fill lag=  47.6s BUY  Team Falcons cs2-fal2-g2-2026-06-11                       @ 99.9c x    1000 -> avail@+1c=0.0 copyable=0
14:39:41 fill lag=  45.6s BUY  Team Falcons cs2-fal2-g2-2026-06-11                       @ 99.9c x     719 -> avail@+1c=0.0 copyable=0
14:39:41 fill lag=  42.6s BUY  Team Falcons cs2-fal2-g2-2026-06-11                       @ 99.9c x     119 -> avail@+1c=0.0 copyable=0
14:39:42 fill lag=  39.6s BUY  Team Falcons cs2-fal2-g2-2026-06-11                       @ 99.9c x     107 -> avail@+1c=0.0 copyable=0
14:39:42 fill lag=  35.6s BUY  Team Falcons cs2-fal2-g2-2026-06-11                       @ 99.9c x     395 -> avail@+1c=0.0 copyable=0
14:39:42 fill lag=  32.6s BUY  Team Falcons cs2-fal2-g2-2026-06-11                       @ 99.9c x     148 -> avail@+1c=0.0 copyable=0
14:39:42 fill lag=  21.6s BUY  Team Falcons cs2-fal2-g2-2026-06-11                       @ 99.9c x    1305 -> avail@+1c=0.0 copyable=0
14:40:25 fill lag=  48.9s BUY  Team Falcons cs2-fal2-g2-2026-06-11                       @ 99.9c x     258 -> avail@+1c=0.0 copyable=0
14:40:25 fill lag=  42.9s BUY  Aurora Gaming cs2-aur1-mnte-2026-06-11                     @ 99.9c x      78 -> avail@+1c=0.0 copyable=0
14:40:45 fill lag=  24.4s BUY  Aurora Gaming cs2-aur1-mnte-2026-06-11                     @ 99.9c x     205 -> avail@+1c=0.0 copyable=0
14:40:45 fill lag=  21.4s BUY  Team Falcons cs2-fal2-g2-2026-06-11                       @ 99.9c x     138 -> avail@+1c=0.0 copyable=0
15:00:04 fill lag=  21.4s BUY  Team Falcons cs2-fal2-g2-2026-06-11                       @ 99.9c x    2719 -> avail@+1c=0.0 copyable=0
15:00:04 fill lag=  15.4s BUY  Team Falcons cs2-fal2-g2-2026-06-11                       @ 99.9c x      82 -> avail@+1c=0.0 copyable=0
15:00:04 fill lag=   9.4s BUY  Team Falcons cs2-fal2-g2-2026-06-11                       @ 99.9c x      81 -> avail@+1c=0.0 copyable=0
15:00:25 fill lag=1183.2s BUY  Team Falcons cs2-fal2-g2-2026-06-11                       @ 99.9c x     318 -> avail@+1c=0.0 copyable=0
15:00:25 fill lag=1182.2s BUY  Team Falcons cs2-fal2-g2-2026-06-11                       @ 99.9c x      74 -> avail@+1c=0.0 copyable=0
15:00:25 fill lag=1176.2s BUY  Team Falcons cs2-fal2-g2-2026-06-11                       @ 99.9c x     481 -> avail@+1c=0.0 copyable=0
15:00:25 fill lag=1171.2s BUY  Team Falcons cs2-fal2-g2-2026-06-11                       @ 99.9c x     108 -> avail@+1c=0.0 copyable=0
15:00:26 fill lag=1161.2s BUY  Aurora Gaming cs2-aur1-mnte-2026-06-11                     @ 99.9c x     735 -> avail@+1c=0.0 copyable=0
15:00:26 fill lag=1158.2s BUY  Team Falcons cs2-fal2-g2-2026-06-11                       @ 99.9c x     163 -> avail@+1c=0.0 copyable=0
15:00:26 fill lag=1155.2s BUY  Aurora Gaming cs2-aur1-mnte-2026-06-11                     @ 99.9c x      62 -> avail@+1c=0.0 copyable=0
15:00:26 fill lag=1152.2s BUY  Team Falcons cs2-fal2-g2-2026-06-11                       @ 99.9c x     525 -> avail@+1c=0.0 copyable=0
15:00:26 fill lag=1134.2s BUY  Team Falcons cs2-fal2-g2-2026-06-11                       @ 99.9c x     591 -> avail@+1c=0.0 copyable=0
15:00:26 fill lag=1089.2s BUY  Team Falcons cs2-fal2-g2-2026-06-11                       @ 99.9c x    1233 -> avail@+1c=0.0 copyable=0
15:00:27 fill lag=1066.2s BUY  Aurora Gaming cs2-aur1-mnte-2026-06-11                     @ 99.9c x      66 -> avail@+1c=0.0 copyable=0
15:00:27 fill lag= 945.2s BUY  Aurora Gaming cs2-aur1-mnte-2026-06-11                     @ 99.9c x      83 -> avail@+1c=0.0 copyable=0
15:00:27 fill lag= 759.2s BUY  Aurora Gaming cs2-aur1-mnte-2026-06-11                     @ 99.9c x     370 -> avail@+1c=0.0 copyable=0
15:00:27 fill lag= 582.2s BUY  Aurora Gaming cs2-aur1-mnte-2026-06-11                     @ 99.9c x    5765 -> avail@+1c=0.0 copyable=0
15:00:27 fill lag= 292.2s BUY  Aurora Gaming cs2-aur1-mnte-2026-06-11                     @ 99.9c x     462 -> avail@+1c=0.0 copyable=0
15:00:27 fill lag= 153.2s BUY  Aurora Gaming cs2-aur1-mnte-2026-06-11                     @ 99.9c x    2200 -> avail@+1c=0.0 copyable=0
15:00:28 fill lag=  73.2s BUY  Aurora Gaming cs2-aur1-mnte-2026-06-11                     @ 99.9c x    1046 -> avail@+1c=0.0 copyable=0
15:02:03 fill lag=  12.0s BUY  Aurora Gaming cs2-aur1-mnte-2026-06-11                     @ 99.9c x      78 -> avail@+1c=0.0 copyable=0
15:07:13 fill lag= 189.5s BUY  Aurora Gaming cs2-aur1-mnte-2026-06-11                     @ 99.9c x     500 -> avail@+1c=0.0 copyable=0
15:07:13 fill lag= 124.5s BUY  Aurora Gaming cs2-aur1-mnte-2026-06-11                     @ 99.9c x     777 -> avail@+1c=0.0 copyable=0
15:07:13 fill lag=  93.5s BUY  Aurora Gaming cs2-aur1-mnte-2026-06-11                     @ 99.9c x      79 -> avail@+1c=0.0 copyable=0
15:07:14 fill lag=  84.5s BUY  Taylor Fritz atp-landalu-fritz-2026-06-10                 @ 99.9c x    1799 -> avail@+1c=0.0 copyable=0
15:07:14 fill lag=  33.5s BUY  Taylor Fritz atp-landalu-fritz-2026-06-10                 @ 99.9c x    1667 -> avail@+1c=0.0 copyable=0
15:16:34 fill lag= 472.5s BUY  Aurora Gaming cs2-aur1-mnte-2026-06-11                     @ 99.9c x     590 -> avail@+1c=0.0 copyable=0
15:16:34 fill lag= 328.5s BUY  Team Falcons cs2-fal2-g2-2026-06-11                       @ 99.9c x    5501 -> avail@+1c=0.0 copyable=0
15:16:34 fill lag= 313.5s BUY  Team Falcons cs2-fal2-g2-2026-06-11                       @ 99.9c x     200 -> avail@+1c=0.0 copyable=0
15:16:35 fill lag= 307.5s BUY  Team Falcons cs2-fal2-g2-2026-06-11                       @ 99.9c x      80 -> avail@+1c=0.0 copyable=0
15:16:35 fill lag= 292.5s BUY  Team Falcons cs2-fal2-g2-2026-06-11                       @ 99.9c x      56 -> avail@+1c=0.0 copyable=0
15:16:35 fill lag= 265.5s BUY  Team Falcons cs2-fal2-g2-2026-06-11                       @ 99.9c x     423 -> avail@+1c=0.0 copyable=0
15:16:35 fill lag= 256.5s BUY  Team Falcons cs2-fal2-g2-2026-06-11                       @ 99.9c x     102 -> avail@+1c=0.0 copyable=0
15:16:35 fill lag= 243.5s BUY  Team Falcons cs2-fal2-g2-2026-06-11                       @ 99.9c x     300 -> avail@+1c=0.0 copyable=0
15:16:35 fill lag= 231.5s BUY  Team Falcons cs2-fal2-g2-2026-06-11                       @ 99.9c x    3000 -> avail@+1c=0.0 copyable=0
15:16:36 fill lag= 208.5s BUY  Team Falcons cs2-fal2-g2-2026-06-11                       @ 99.9c x     200 -> avail@+1c=0.0 copyable=0
15:16:36 fill lag= 186.5s BUY  Team Falcons cs2-fal2-g2-2026-06-11                       @ 99.9c x    3000 -> avail@+1c=0.0 copyable=0
15:16:36 fill lag= 160.5s BUY  Team Falcons cs2-fal2-g2-2026-06-11                       @ 99.9c x      79 -> avail@+1c=0.0 copyable=0
15:16:36 fill lag= 160.5s BUY  Team Falcons cs2-fal2-g2-2026-06-11                       @ 99.9c x     905 -> avail@+1c=0.0 copyable=0
15:16:36 fill lag= 139.5s BUY  Aurora Gaming cs2-aur1-mnte-2026-06-11                     @ 99.9c x      98 -> avail@+1c=0.0 copyable=0
15:16:36 fill lag=  75.5s BUY  Team Falcons cs2-fal2-g2-2026-06-11                       @ 99.9c x     877 -> avail@+1c=0.0 copyable=0
15:16:37 fill lag=  46.5s BUY  Team Falcons cs2-fal2-g2-2026-06-11                       @ 99.9c x   22000 -> avail@+1c=0.0 copyable=0
15:16:37 fill lag=  40.5s BUY  Team Falcons cs2-fal2-g2-2026-06-11                       @ 99.9c x      74 -> avail@+1c=0.0 copyable=0
15:21:54 fill lag= 311.9s BUY  Team Falcons cs2-fal2-g2-2026-06-11                       @ 99.9c x    1070 -> avail@+1c=0.0 copyable=0
15:21:54 fill lag= 305.9s BUY  Team Falcons cs2-fal2-g2-2026-06-11                       @ 99.9c x      77 -> avail@+1c=0.0 copyable=0
15:21:54 fill lag= 221.9s BUY  Team Falcons cs2-fal2-g2-2026-06-11                       @ 99.9c x     100 -> avail@+1c=0.0 copyable=0
15:21:54 fill lag= 190.9s BUY  Taylor Fritz atp-landalu-fritz-2026-06-10                 @ 99.9c x     120 -> avail@+1c=0.0 copyable=0
15:21:54 fill lag= 184.9s BUY  Team Falcons cs2-fal2-g2-2026-06-11                       @ 99.9c x    2000 -> avail@+1c=0.0 copyable=0
15:21:54 fill lag= 182.9s BUY  Team Falcons cs2-fal2-g2-2026-06-11                       @ 99.9c x     120 -> avail@+1c=0.0 copyable=0
15:21:55 fill lag= 142.9s BUY  Taylor Fritz atp-landalu-fritz-2026-06-10                 @ 99.9c x     117 -> avail@+1c=0.0 copyable=0
15:21:55 fill lag= 119.9s BUY  Team Falcons cs2-fal2-g2-2026-06-11                       @ 99.9c x    5000 -> avail@+1c=0.0 copyable=0
15:21:55 fill lag= 104.9s BUY  Team Falcons cs2-fal2-g2-2026-06-11                       @ 99.9c x     317 -> avail@+1c=0.0 copyable=0
15:21:55 fill lag=  31.9s BUY  Team Falcons cs2-fal2-g2-2026-06-11                       @ 99.9c x      64 -> avail@+1c=0.0 copyable=0
15:26:00 fill lag=  51.6s BUY  Team Falcons cs2-fal2-g2-2026-06-11                       @ 99.9c x     388 -> avail@+1c=0.0 copyable=0
15:26:58 fill lag=  63.9s BUY  Team Falcons cs2-fal2-g2-2026-06-11                       @ 99.9c x    5000 -> avail@+1c=0.0 copyable=0
15:26:58 fill lag=  62.9s BUY  Team Falcons cs2-fal2-g2-2026-06-11                       @ 99.9c x     225 -> avail@+1c=0.0 copyable=0
15:26:58 fill lag=  47.9s BUY  Aurora Gaming cs2-aur1-mnte-2026-06-11                     @ 99.9c x     234 -> avail@+1c=0.0 copyable=0
poll err: HTTPSConnectionPool(host='data-api.polymarket.com', port=443): Max retries exceeded with url: /activity?user=0x751a2b86cab503496efd325c8344e10159349ea1&limit=100 (Caused by NameResolutionError("HTTPSConnection(host='data-api.polymarket.com', port=443): Failed to resolve 'data-api.polymarket.com' ([Errno 8] nodename nor servname provided, or not known)"))
poll err: HTTPSConnectionPool(host='data-api.polymarket.com', port=443): Max retries exceeded with url: /activity?user=0x751a2b86cab503496efd325c8344e10159349ea1&limit=100 (Caused by NameResolutionError("HTTPSConnection(host='data-api.polymarket.com', port=443): Failed to resolve 'data-api.polymarket.com' ([Errno 8] nodename nor servname provided, or not known)"))
15:57:47 fill lag=1867.5s BUY  Team Falcons cs2-fal2-g2-2026-06-11                       @ 99.9c x    1056 -> avail@+1c=0.0 copyable=0
15:57:48 fill lag=1789.5s BUY  Team Falcons cs2-fal2-g2-2026-06-11                       @ 99.9c x      59 -> avail@+1c=0.0 copyable=0
15:57:48 fill lag=1783.5s BUY  Team Falcons cs2-fal2-g2-2026-06-11                       @ 99.9c x      62 -> avail@+1c=0.0 copyable=0
15:57:49 fill lag=1766.5s BUY  Team Falcons cs2-fal2-g2-2026-06-11                       @ 99.9c x     159 -> avail@+1c=0.0 copyable=0
15:57:51 fill lag=1723.5s BUY  Team Falcons cs2-fal2-g2-2026-06-11                       @ 99.9c x     740 -> avail@+1c=0.0 copyable=0
15:57:52 fill lag=1708.5s BUY  Team Falcons cs2-fal2-g2-2026-06-11                       @ 99.9c x    1750 -> avail@+1c=0.0 copyable=0
15:57:53 fill lag=1702.5s BUY  Aurora Gaming cs2-aur1-mnte-2026-06-11                     @ 99.9c x     119 -> avail@+1c=0.0 copyable=0
15:57:53 fill lag=1672.5s BUY  Team Falcons cs2-fal2-g2-2026-06-11                       @ 99.9c x     103 -> avail@+1c=0.0 copyable=0
15:57:54 fill lag=1628.5s BUY  Team Falcons cs2-fal2-g2-2026-06-11                       @ 99.9c x    2380 -> avail@+1c=0.0 copyable=0
