14:52:05 NBA SAS@NYK: kalshi=['KXNBAGAME-26JUN10SASNYK-SAS', 'KXNBAGAME-26JUN10SASNYK-NYK'] poly=nba-sas-nyk-2026-06-10 status=1
14:52:05 MLB BOS@TB: kalshi=2 poly=mlb-bos-tb-2026-06-10
14:52:05 MLB NYY@CLE: kalshi=2 poly=mlb-nyy-cle-2026-06-10
14:52:05 MLB WSH@SF: kalshi=2 poly=mlb-wsh-sf-2026-06-10
14:52:05 MLB CIN@SD: kalshi=2 poly=mlb-cin-sd-2026-06-10
14:52:05 MLB SEA@BAL: kalshi=2 poly=mlb-sea-bal-2026-06-10
14:52:05 MLB LAD@PIT: kalshi=2 poly=mlb-lad-pit-2026-06-10
14:52:06 MLB MIN@DET: kalshi=2 poly=mlb-min-det-2026-06-10
14:52:06 MLB AZ@MIA: kalshi=2 poly=None
14:52:06 MLB PHI@TOR: kalshi=2 poly=mlb-phi-tor-2026-06-10
14:52:06 MLB STL@NYM: kalshi=2 poly=mlb-stl-nym-2026-06-10
14:52:06 MLB TEX@KC: kalshi=2 poly=mlb-tex-kc-2026-06-10
14:52:06 MLB ATL@CWS: kalshi=2 poly=mlb-atl-cws-2026-06-10
14:52:06 MLB CHC@COL: kalshi=2 poly=mlb-chc-col-2026-06-10
14:52:06 MLB MIL@ATH: kalshi=2 poly=None
14:52:06 MLB HOU@LAA: kalshi=2 poly=mlb-hou-laa-2026-06-10
14:52:06 tracking 16 games, min_edge=5.0c, paper only
14:52:06 [SAS@NYK] prior anchored: home 54c -> z=+0.09
14:52:06 [BOS@TB] went live without a pregame anchor — dropping
14:52:07 [NYY@CLE] went live without a pregame anchor — dropping
14:52:07 [WSH@SF] prior anchored: home 50c -> z=+0.01
14:52:07 [CIN@SD] prior anchored: home 60c -> z=+0.24
14:52:07 [SEA@BAL] prior anchored: home 50c -> z=+0.01
14:52:07 [LAD@PIT] prior anchored: home 36c -> z=-0.35
14:52:08 [MIN@DET] prior anchored: home 62c -> z=+0.29
14:52:08 [PHI@TOR] prior anchored: home 44c -> z=-0.14
14:52:08 [STL@NYM] prior anchored: home 56c -> z=+0.14
14:52:08 [TEX@KC] prior anchored: home 48c -> z=-0.06
14:52:08 [ATL@CWS] prior anchored: home 42c -> z=-0.19
14:52:09 [CHC@COL] prior anchored: home 38c -> z=-0.29
14:52:09 [HOU@LAA] prior anchored: home 52c -> z=+0.04
16:20:35   TAKE[poly] Cincinnati R ask 25c sz8621 vs wp 31 edge +5.5c after 'Manny Machado doubles (8) on a line drive to left fielder JJ' (0-1 Bottom 1, 1 out, b010)
17:49:27   TAKE[poly] San Diego Pa ask 36c sz313 vs wp 46 edge +9.2c after 'JJ Bleday homers (11) on a fly ball to right field.' (3-2 Top 7, 2 out, b000)
18:10:06   TAKE[poly] San Diego Pa ask 14c sz72 vs wp 23 edge +8.9c after 'Eugenio Suárez homers (5) on a fly ball to left field.' (4-2 Top 8, 1 out, b000)
18:13:15 [AZ@MIA] went live without a pregame anchor — dropping
18:30:47   TAKE[poly] Cincinnati R ask 41c sz1345 vs wp 53 edge +11.5c after 'Samad Taylor singles on a line drive to center fielder Dane ' (4-4 Bottom 8, 2 out, b100)
18:40:10   TAKE[poly] Washington N ask 92c sz25 vs wp 98 edge +6.5c after '' (10-7 Bottom 9, 0 out, b010)
18:47:36   TAKE[poly] Washington N ask 72c sz30 vs wp 86 edge +13.3c after '' (10-7 Bottom 9, 0 out, b111)
18:48:39   TAKE[poly] Cincinnati R ask 1c sz20165 vs wp 17 edge +15.7c after 'Fernando Tatis Jr. homers (2) on a line drive to left field.' (4-5 Bottom 9, 2 out, b000)
18:48:57   TAKE[poly] Washington N ask 1c sz5384 vs wp 18 edge +17.0c after 'Bryce Eldridge hits a grand slam (4) to right field. Matt Ch' (10-11 Bottom 9, 0 out, b000)
18:49:30 [CIN@SD] settled 5 takes: +81c total
18:49:30 [CIN@SD] FINAL 4-5 — done (5 takes)
18:49:57 [WSH@SF] settled 3 takes: -166c total
18:49:57 [WSH@SF] FINAL 10-11 — done (3 takes)
