19:20:41 NBA SAS@NYK: kalshi=['KXNBAGAME-26JUN10SASNYK-SAS', 'KXNBAGAME-26JUN10SASNYK-NYK'] poly=nba-sas-nyk-2026-06-10 status=1
19:20:42 MLB SEA@BAL: kalshi=2 poly=mlb-sea-bal-2026-06-10
19:20:42 MLB LAD@PIT: kalshi=2 poly=mlb-lad-pit-2026-06-10
19:20:42 MLB MIN@DET: kalshi=2 poly=mlb-min-det-2026-06-10
19:20:42 MLB AZ@MIA: kalshi=2 poly=None
19:20:42 MLB PHI@TOR: kalshi=2 poly=mlb-phi-tor-2026-06-10
19:20:42 MLB STL@NYM: kalshi=2 poly=mlb-stl-nym-2026-06-10
19:20:42 MLB TEX@KC: kalshi=2 poly=mlb-tex-kc-2026-06-10
19:20:42 MLB ATL@CWS: kalshi=2 poly=mlb-atl-cws-2026-06-10
19:20:42 MLB CHC@COL: kalshi=2 poly=mlb-chc-col-2026-06-10
19:20:42 MLB MIL@ATH: kalshi=2 poly=None
19:20:42 MLB HOU@LAA: kalshi=2 poly=mlb-hou-laa-2026-06-10
19:20:42 tracking 12 games, min_edge=5.0c, paper only
19:20:42 [SAS@NYK] prior anchored: home 55c -> z=+0.11
19:20:42 [SEA@BAL] went live without a pregame anchor — dropping
19:20:42 [LAD@PIT] went live without a pregame anchor — dropping
19:20:43 [MIN@DET] went live without a pregame anchor — dropping
19:20:43 [AZ@MIA] went live without a pregame anchor — dropping
19:20:43 [PHI@TOR] went live without a pregame anchor — dropping
19:20:43 [STL@NYM] went live without a pregame anchor — dropping
19:20:43 [TEX@KC] went live without a pregame anchor — dropping
19:20:43 [ATL@CWS] went live without a pregame anchor — dropping
19:20:43 [CHC@COL] prior anchored: home 38c -> z=-0.29
19:20:43 [HOU@LAA] prior anchored: home 52c -> z=+0.06
20:44:45   TAKE[poly] Spurs ask 46c sz228822 vs wp 52 edge +5.4c after 'D. Fox Free Throw 2 of 2 (2 PTS)' (2-0 Q1 PT11M42.00S)
20:44:50 [MIL@ATH] went live without a pregame anchor — dropping
20:45:20   TAKE[poly] Spurs ask 46c sz202768 vs wp 56 edge +8.8c after 'D. Vassell 26' 3PT  (3 PTS) (S. Castle 1 AST)' (5-2 Q1 PT11M09.00S)
20:45:55   TAKE[poly] Spurs ask 46c sz61638 vs wp 56 edge +8.9c after 'V. Wembanyama  FOUL (1 PF)' (5-2 Q1 PT10M55.00S)
20:50:15   TAKE[poly] Spurs ask 49c sz35154 vs wp 62 edge +12.5c after 'V. Wembanyama turnaround Jump Shot (2 PTS)' (7-2 Q1 PT10M42.00S)
20:51:34   TAKE[poly] Spurs ask 56c sz9 vs wp 72 edge +15.0c after 'D. Vassell 3PT  (6 PTS) (V. Wembanyama 1 AST)' (10-2 Q1 PT09M34.00S)
20:51:43   TAKE[poly] Spurs ask 59c sz5362 vs wp 77 edge +17.6c after 'NYK Timeout' (12-2 Q1 PT09M16.00S)
20:56:51   TAKE[poly] Spurs ask 59c sz2575 vs wp 75 edge +15.1c after 'V. Wembanyama shot (4 PTS)' (14-5 Q1 PT08M33.00S)
21:00:22   TAKE[poly] Spurs ask 53c sz3014 vs wp 66 edge +12.4c after 'S. Castle 13' fadeaway Jump Shot (2 PTS) (J. Champagnie 1 AS' (16-10 Q1 PT07M37.00S)
21:00:59   TAKE[poly] Spurs ask 58c sz2649 vs wp 75 edge +16.7c after 'S. Castle 25' 3PT  (5 PTS) (D. Vassell 1 AST)' (19-10 Q1 PT06M59.00S)
21:01:34   TAKE[poly] Spurs ask 61c sz1837 vs wp 83 edge +21.4c after 'D. Vassell 25' 3PT running (9 PTS) (D. Harper 1 AST)' (22-10 Q1 PT06M21.00S)
21:03:23   TAKE[poly] Spurs ask 61c sz3713 vs wp 85 edge +23.7c after 'V. Wembanyama 25' 3PT  (7 PTS) (D. Harper 2 AST)' (25-12 Q1 PT05M51.00S)
21:04:16   TAKE[poly] Spurs ask 62c sz10323 vs wp 86 edge +23.1c after 'K. Johnson shot (2 PTS) (D. Fox 1 AST)' (27-14 Q1 PT04M53.00S)
21:06:13   TAKE[poly] Spurs ask 64c sz14184 vs wp 86 edge +21.3c after 'D. Fox 25' 3PT pullup (5 PTS) (D. Vassell 2 AST)' (30-17 Q1 PT04M15.00S)
21:09:11   TAKE[poly] Spurs ask 67c sz1690 vs wp 90 edge +22.3c after 'V. Wembanyama tip Layup (9 PTS)' (32-17 Q1 PT03M14.00S)
21:18:40   TAKE[poly] Spurs ask 78c sz6418 vs wp 95 edge +16.2c after 'V. Wembanyama flagrant Free Throw 1 of 2 (12 PTS)' (38-20 Q1 PT00M41.70S)
21:18:58   TAKE[poly] Spurs ask 79c sz6619 vs wp 96 edge +16.2c after 'V. Wembanyama flagrant Free Throw 2 of 2 (13 PTS)' (39-20 Q1 PT00M41.70S)
21:19:44   TAKE[poly] Spurs ask 78c sz2277 vs wp 97 edge +18.7c after 'D. Vassell 15' shot (12 PTS) (S. Castle 2 AST)' (41-20 Q1 PT00M27.70S)
21:25:42   TAKE[poly] Spurs ask 79c sz103860 vs wp 96 edge +16.5c after 'D. Fox 3PT  (8 PTS) (J. Champagnie 2 AST)' (44-25 Q2 PT11M21.00S)
21:26:19   TAKE[poly] Spurs ask 82c sz3087 vs wp 98 edge +15.6c after 'D. Fox 3PT  (11 PTS)' (47-25 Q2 PT10M46.00S)
21:32:18   TAKE[poly] Spurs ask 83c sz6978 vs wp 98 edge +14.3c after 'D. Harper 3PT  (5 PTS) (D. Fox 2 AST)' (51-30 Q2 PT09M42.00S)
21:32:46   TAKE[poly] Spurs ask 84c sz26546 vs wp 99 edge +14.6c after 'C. Bryant 3PT  (3 PTS)' (54-30 Q2 PT09M11.00S)
21:33:23   TAKE[poly] Spurs ask 86c sz18506 vs wp 99 edge +12.9c after 'J. Champagnie 25' 3PT  (5 PTS) (D. Fox 3 AST)' (57-32 Q2 PT08M43.00S)
21:35:28   TAKE[poly] Spurs ask 88c sz4727 vs wp 99 edge +11.0c after 'C. Bryant alley-oop DUNK (5 PTS) (S. Castle 3 AST)' (59-34 Q2 PT07M53.00S)
21:48:30   TAKE[poly] Spurs ask 88c sz767 vs wp 99 edge +11.0c after 'D. Vassell 3PT  (15 PTS) (K. Johnson 1 AST)' (62-38 Q2 PT05M46.00S)
21:50:27   TAKE[poly] Spurs ask 88c sz2535 vs wp 99 edge +11.0c after 'D. Fox 8' turnaround Jump Shot (13 PTS)' (64-40 Q2 PT04M59.00S)
22:47:20   TAKE[poly] Spurs ask 90c sz1136 vs wp 100 edge +9.4c after 'D. Vassell 24' 3PT  (18 PTS) (S. Castle 5 AST)' (90-72 Q3 PT01M46.00S)
23:12:34   TAKE[poly] Spurs ask 88c sz5215 vs wp 99 edge +10.4c after 'SUB in: D. Fox' (98-88 Q4 PT06M24.00S)
23:12:52   TAKE[poly] Spurs ask 89c sz1895 vs wp 99 edge +10.0c after 'S. Castle Free Throw 2 of 2 (11 PTS)' (99-88 Q4 PT06M24.00S)
23:18:07   TAKE[poly] Spurs ask 82c sz200 vs wp 97 edge +15.0c after 'D. Fox 25' 3PT  (18 PTS) (D. Vassell 4 AST)' (102-95 Q4 PT04M11.00S)
23:18:52   TAKE[poly] Spurs ask 82c sz540 vs wp 98 edge +15.9c after 'V. Wembanyama 17' Jump Shot (24 PTS) (D. Fox 7 AST)' (104-97 Q4 PT03M31.00S)
23:21:07   TAKE[poly] Houston Astr ask 26c sz12798 vs wp 39 edge +12.0c after 'Trey Mancini lines into a double play, first baseman Christi' (1-2 Bottom 7, 2 out, b000)
23:22:28   TAKE[poly] Knicks ask 56c sz820 vs wp 70 edge +12.9c after 'J. Brunson driving floating Jump Shot (36 PTS)' (104-105 Q4 PT01M22.00S)
23:25:11 [CHC@COL] FINAL 2-3 — done (0 takes)
23:37:50 [SAS@NYK] settled 31 takes: -2104c total
23:37:50 [SAS@NYK] FINAL 106-107 — done (31 takes)
23:39:37   TAKE[poly] Houston Astr ask 53c sz8565 vs wp 59 edge +5.0c after 'Wade Meckler strikes out swinging.' (2-2 Bottom 8, 2 out, b000)
00:10:05 [HOU@LAA] settled 2 takes: -80c total
00:10:05 [HOU@LAA] FINAL 2-3 — done (2 takes)
00:10:06 all games final — exiting
